{"sessionId":"55dc61","runId":"pre-fix","hypothesisId":"H-F2","location":"src/components/ui/Navbar.tsx:Navbar","message":"Navbar mounted (client) — same-origin debug log","data":{"pathname":"/"},"timestamp":1778571716774}
{"sessionId":"55dc61","runId":"pre-fix","hypothesisId":"H-F2","location":"src/components/ui/Navbar.tsx:Navbar","message":"Navbar mounted (client) — same-origin debug log","data":{"pathname":"/"},"timestamp":1778571744756}
{"sessionId":"55dc61","runId":"pre-fix","hypothesisId":"H-F2","location":"src/components/ui/Navbar.tsx:Navbar","message":"Navbar mounted (client) — same-origin debug log","data":{"pathname":"/services/6"},"timestamp":1778572093935}
{"sessionId":"55dc61","runId":"pre-fix","hypothesisId":"H-F2","location":"src/components/ui/Navbar.tsx:Navbar","message":"Navbar mounted (client) — same-origin debug log","data":{"pathname":"/"},"timestamp":1778578481649}
{"sessionId":"55dc61","runId":"pre-fix","hypothesisId":"H-F2","location":"src/components/ui/Navbar.tsx:Navbar","message":"Navbar mounted (client) — same-origin debug log","data":{"pathname":"/"},"timestamp":1778647186855}
{"sessionId":"55dc61","runId":"pre-fix","hypothesisId":"H-F2","location":"src/components/ui/Navbar.tsx:Navbar","message":"Navbar mounted (client) — same-origin debug log","data":{"pathname":"/"},"timestamp":1778647195025}
{"sessionId":"55dc61","runId":"pre-fix","hypothesisId":"H-F2","location":"src/components/ui/Navbar.tsx:Navbar","message":"Navbar mounted (client) — same-origin debug log","data":{"pathname":"/"},"timestamp":1779439960840}
{"sessionId":"55dc61","runId":"pre-fix","hypothesisId":"H-F2","location":"src/components/ui/Navbar.tsx:Navbar","message":"Navbar mounted (client) — same-origin debug log","data":{"pathname":"/services"},"timestamp":1779439982599}
{"sessionId":"55dc61","runId":"pre-fix","hypothesisId":"H-F2","location":"src/components/ui/Navbar.tsx:Navbar","message":"Navbar mounted (client) — same-origin debug log","data":{"pathname":"/"},"timestamp":1779440006150}
{"sessionId":"55dc61","runId":"pre-fix","hypothesisId":"H-F2","location":"src/components/ui/Navbar.tsx:Navbar","message":"Navbar mounted (client) — same-origin debug log","data":{"pathname":"/services/6"},"timestamp":1779440622152}
{"sessionId":"55dc61","runId":"pre-fix","hypothesisId":"H-F2","location":"src/components/ui/Navbar.tsx:Navbar","message":"Navbar mounted (client) — same-origin debug log","data":{"pathname":"/services/6"},"timestamp":1779440622237}
{"sessionId":"55dc61","runId":"pre-fix","hypothesisId":"H-F2","location":"src/components/ui/Navbar.tsx:Navbar","message":"Navbar mounted (client) — same-origin debug log","data":{"pathname":"/services/6"},"timestamp":1779440648663}
{"sessionId":"55dc61","runId":"pre-fix","hypothesisId":"H-F2","location":"src/components/ui/Navbar.tsx:Navbar","message":"Navbar mounted (client) — same-origin debug log","data":{"pathname":"/services/6"},"timestamp":1779440648696}
{"sessionId":"55dc61","runId":"pre-fix","hypothesisId":"H-F2","location":"src/components/ui/Navbar.tsx:Navbar","message":"Navbar mounted (client) — same-origin debug log","data":{"pathname":"/services/6"},"timestamp":1779440718550}
{"sessionId":"55dc61","runId":"pre-fix","hypothesisId":"H-F2","location":"src/components/ui/Navbar.tsx:Navbar","message":"Navbar mounted (client) — same-origin debug log","data":{"pathname":"/services/6"},"timestamp":1779440718741}
{"sessionId":"55dc61","runId":"pre-fix","hypothesisId":"H-F2","location":"src/components/ui/Navbar.tsx:Navbar","message":"Navbar mounted (client) — same-origin debug log","data":{"pathname":"/services/6"},"timestamp":1779440848269}
{"sessionId":"55dc61","runId":"pre-fix","hypothesisId":"H-F2","location":"src/components/ui/Navbar.tsx:Navbar","message":"Navbar mounted (client) — same-origin debug log","data":{"pathname":"/services/6"},"timestamp":1779440849838}
{"sessionId":"55dc61","runId":"pre-fix","hypothesisId":"H-F2","location":"src/components/ui/Navbar.tsx:Navbar","message":"Navbar mounted (client) — same-origin debug log","data":{"pathname":"/services/6"},"timestamp":1779441440353}
{"sessionId":"55dc61","runId":"pre-fix","hypothesisId":"H-F2","location":"src/components/ui/Navbar.tsx:Navbar","message":"Navbar mounted (client) — same-origin debug log","data":{"pathname":"/services/6"},"timestamp":1779441442105}
{"sessionId":"55dc61","runId":"pre-fix","hypothesisId":"H-F2","location":"src/components/ui/Navbar.tsx:Navbar","message":"Navbar mounted (client) — same-origin debug log","data":{"pathname":"/"},"timestamp":1779954670451}
{"sessionId":"55dc61","runId":"pre-fix","hypothesisId":"H-F2","location":"src/components/ui/Navbar.tsx:Navbar","message":"Navbar mounted (client) — same-origin debug log","data":{"pathname":"/"},"timestamp":1779954696724}
{"sessionId":"55dc61","runId":"pre-fix","hypothesisId":"H-F2","location":"src/components/ui/Navbar.tsx:Navbar","message":"Navbar mounted (client) — same-origin debug log","data":{"pathname":"/"},"timestamp":1780056275321}
{"sessionId":"55dc61","runId":"pre-fix","hypothesisId":"H-F2","location":"src/components/ui/Navbar.tsx:Navbar","message":"Navbar mounted (client) — same-origin debug log","data":{"pathname":"/"},"timestamp":1780056854934}
{"sessionId":"55dc61","runId":"pre-fix","hypothesisId":"H-F2","location":"src/components/ui/Navbar.tsx:Navbar","message":"Navbar mounted (client) — same-origin debug log","data":{"pathname":"/"},"timestamp":1780056863340}
{"sessionId":"55dc61","runId":"pre-fix","hypothesisId":"H-F2","location":"src/components/ui/Navbar.tsx:Navbar","message":"Navbar mounted (client) — same-origin debug log","data":{"pathname":"/"},"timestamp":1780058694373}
{"sessionId":"55dc61","runId":"pre-fix","hypothesisId":"H-F2","location":"src/components/ui/Navbar.tsx:Navbar","message":"Navbar mounted (client) — same-origin debug log","data":{"pathname":"/"},"timestamp":1780058872759}
{"sessionId":"55dc61","runId":"pre-fix","hypothesisId":"H-F2","location":"src/components/ui/Navbar.tsx:Navbar","message":"Navbar mounted (client) — same-origin debug log","data":{"pathname":"/services/6"},"timestamp":1780058881934}
{"sessionId":"55dc61","runId":"pre-fix","hypothesisId":"H-F2","location":"src/components/ui/Navbar.tsx:Navbar","message":"Navbar mounted (client) — same-origin debug log","data":{"pathname":"/services/6"},"timestamp":1780058920835}
{"sessionId":"55dc61","runId":"pre-fix","hypothesisId":"H-F2","location":"src/components/ui/Navbar.tsx:Navbar","message":"Navbar mounted (client) — same-origin debug log","data":{"pathname":"/promotions"},"timestamp":1780058920848}
{"sessionId":"55dc61","runId":"pre-fix","hypothesisId":"H-F2","location":"src/components/ui/Navbar.tsx:Navbar","message":"Navbar mounted (client) — same-origin debug log","data":{"pathname":"/promotions"},"timestamp":1780058980228}
{"sessionId":"55dc61","runId":"pre-fix","hypothesisId":"H-F2","location":"src/components/ui/Navbar.tsx:Navbar","message":"Navbar mounted (client) — same-origin debug log","data":{"pathname":"/services/6"},"timestamp":1780058980230}
{"sessionId":"55dc61","runId":"pre-fix","hypothesisId":"H-F2","location":"src/components/ui/Navbar.tsx:Navbar","message":"Navbar mounted (client) — same-origin debug log","data":{"pathname":"/services/6"},"timestamp":1780059247554}
{"sessionId":"55dc61","runId":"pre-fix","hypothesisId":"H-F2","location":"src/components/ui/Navbar.tsx:Navbar","message":"Navbar mounted (client) — same-origin debug log","data":{"pathname":"/promotions"},"timestamp":1780059247556}
{"sessionId":"55dc61","runId":"pre-fix","hypothesisId":"H-F2","location":"src/components/ui/Navbar.tsx:Navbar","message":"Navbar mounted (client) — same-origin debug log","data":{"pathname":"/services/6"},"timestamp":1780059254032}
{"sessionId":"55dc61","runId":"pre-fix","hypothesisId":"H-F2","location":"src/components/ui/Navbar.tsx:Navbar","message":"Navbar mounted (client) — same-origin debug log","data":{"pathname":"/promotions"},"timestamp":1780059254040}
{"sessionId":"55dc61","runId":"pre-fix","hypothesisId":"H-F2","location":"src/components/ui/Navbar.tsx:Navbar","message":"Navbar mounted (client) — same-origin debug log","data":{"pathname":"/services"},"timestamp":1780059865403}
{"sessionId":"55dc61","runId":"pre-fix","hypothesisId":"H-F2","location":"src/components/ui/Navbar.tsx:Navbar","message":"Navbar mounted (client) — same-origin debug log","data":{"pathname":"/"},"timestamp":1780147188529}
{"sessionId":"55dc61","runId":"pre-fix","hypothesisId":"H-F2","location":"src/components/ui/Navbar.tsx:Navbar","message":"Navbar mounted (client) — same-origin debug log","data":{"pathname":"/services/6"},"timestamp":1780147216254}
{"sessionId":"55dc61","runId":"pre-fix","hypothesisId":"H-F2","location":"src/components/ui/Navbar.tsx:Navbar","message":"Navbar mounted (client) — same-origin debug log","data":{"pathname":"/services/6"},"timestamp":1780384637821}
{"sessionId":"55dc61","runId":"pre-fix","hypothesisId":"H-F2","location":"src/components/ui/Navbar.tsx:Navbar","message":"Navbar mounted (client) — same-origin debug log","data":{"pathname":"/services/6"},"timestamp":1780384820496}
{"sessionId":"55dc61","runId":"pre-fix","hypothesisId":"H-F2","location":"src/components/ui/Navbar.tsx:Navbar","message":"Navbar mounted (client) — same-origin debug log","data":{"pathname":"/services"},"timestamp":1780384830142}
{"sessionId":"55dc61","runId":"pre-fix","hypothesisId":"H-F2","location":"src/components/ui/Navbar.tsx:Navbar","message":"Navbar mounted (client) — same-origin debug log","data":{"pathname":"/services/4"},"timestamp":1780384880259}
{"sessionId":"55dc61","runId":"pre-fix","hypothesisId":"H-F2","location":"src/components/ui/Navbar.tsx:Navbar","message":"Navbar mounted (client) — same-origin debug log","data":{"pathname":"/"},"timestamp":1780918551818}
{"sessionId":"55dc61","runId":"pre-fix","hypothesisId":"H-F2","location":"src/components/ui/Navbar.tsx:Navbar","message":"Navbar mounted (client) — same-origin debug log","data":{"pathname":"/blog"},"timestamp":1780918558125}
{"sessionId":"55dc61","runId":"pre-fix","hypothesisId":"H-F2","location":"src/components/ui/Navbar.tsx:Navbar","message":"Navbar mounted (client) — same-origin debug log","data":{"pathname":"/blog"},"timestamp":1780918558126}
{"sessionId":"55dc61","runId":"pre-fix","hypothesisId":"H-F2","location":"src/components/ui/Navbar.tsx:Navbar","message":"Navbar mounted (client) — same-origin debug log","data":{"pathname":"/blog"},"timestamp":1780918566960}
{"sessionId":"55dc61","runId":"pre-fix","hypothesisId":"H-F2","location":"src/components/ui/Navbar.tsx:Navbar","message":"Navbar mounted (client) — same-origin debug log","data":{"pathname":"/blog"},"timestamp":1780918566960}
{"sessionId":"55dc61","runId":"pre-fix","hypothesisId":"H-F2","location":"src/components/ui/Navbar.tsx:Navbar","message":"Navbar mounted (client) — same-origin debug log","data":{"pathname":"/"},"timestamp":1780921643910}
{"sessionId":"55dc61","runId":"pre-fix","hypothesisId":"H-F2","location":"src/components/ui/Navbar.tsx:Navbar","message":"Navbar mounted (client) — same-origin debug log","data":{"pathname":"/blog"},"timestamp":1780921651183}
{"sessionId":"55dc61","runId":"pre-fix","hypothesisId":"H-F2","location":"src/components/ui/Navbar.tsx:Navbar","message":"Navbar mounted (client) — same-origin debug log","data":{"pathname":"/blog"},"timestamp":1780921651183}
{"sessionId":"55dc61","runId":"pre-fix","hypothesisId":"H-F2","location":"src/components/ui/Navbar.tsx:Navbar","message":"Navbar mounted (client) — same-origin debug log","data":{"pathname":"/blog"},"timestamp":1780921794754}
{"sessionId":"55dc61","runId":"pre-fix","hypothesisId":"H-F2","location":"src/components/ui/Navbar.tsx:Navbar","message":"Navbar mounted (client) — same-origin debug log","data":{"pathname":"/blog"},"timestamp":1780921794755}
{"sessionId":"55dc61","runId":"pre-fix","hypothesisId":"H-F2","location":"src/components/ui/Navbar.tsx:Navbar","message":"Navbar mounted (client) — same-origin debug log","data":{"pathname":"/"},"timestamp":1780988167435}
{"sessionId":"55dc61","runId":"pre-fix","hypothesisId":"H-F2","location":"src/components/ui/Navbar.tsx:Navbar","message":"Navbar mounted (client) — same-origin debug log","data":{"pathname":"/"},"timestamp":1780988395260}
{"sessionId":"55dc61","runId":"pre-fix","hypothesisId":"H-F2","location":"src/components/ui/Navbar.tsx:Navbar","message":"Navbar mounted (client) — same-origin debug log","data":{"pathname":"/"},"timestamp":1780988401331}
{"sessionId":"55dc61","runId":"pre-fix","hypothesisId":"H-F2","location":"src/components/ui/Navbar.tsx:Navbar","message":"Navbar mounted (client) — same-origin debug log","data":{"pathname":"/blog/stunning-garden-wedding-cape-town"},"timestamp":1780988977614}
{"sessionId":"55dc61","runId":"pre-fix","hypothesisId":"H-F2","location":"src/components/ui/Navbar.tsx:Navbar","message":"Navbar mounted (client) — same-origin debug log","data":{"pathname":"/"},"timestamp":1780987709166}
{"sessionId":"55dc61","runId":"pre-fix","hypothesisId":"H-F2","location":"src/components/ui/Navbar.tsx:Navbar","message":"Navbar mounted (client) — same-origin debug log","data":{"pathname":"/"},"timestamp":1780987710076}
{"sessionId":"55dc61","runId":"pre-fix","hypothesisId":"H-F2","location":"src/components/ui/Navbar.tsx:Navbar","message":"Navbar mounted (client) — same-origin debug log","data":{"pathname":"/"},"timestamp":1780987770142}
{"sessionId":"55dc61","runId":"pre-fix","hypothesisId":"H-F2","location":"src/components/ui/Navbar.tsx:Navbar","message":"Navbar mounted (client) — same-origin debug log","data":{"pathname":"/"},"timestamp":1780988006443}
{"sessionId":"55dc61","runId":"pre-fix","hypothesisId":"H-F2","location":"src/components/ui/Navbar.tsx:Navbar","message":"Navbar mounted (client) — same-origin debug log","data":{"pathname":"/"},"timestamp":1780988353002}
{"sessionId":"55dc61","runId":"pre-fix","hypothesisId":"H-F2","location":"src/components/ui/Navbar.tsx:Navbar","message":"Navbar mounted (client) — same-origin debug log","data":{"pathname":"/"},"timestamp":1780988385167}
{"sessionId":"55dc61","runId":"pre-fix","hypothesisId":"H-F2","location":"src/components/ui/Navbar.tsx:Navbar","message":"Navbar mounted (client) — same-origin debug log","data":{"pathname":"/"},"timestamp":1780988403983}
{"sessionId":"55dc61","runId":"pre-fix","hypothesisId":"H-F2","location":"src/components/ui/Navbar.tsx:Navbar","message":"Navbar mounted (client) — same-origin debug log","data":{"pathname":"/"},"timestamp":1780988404375}
{"sessionId":"55dc61","runId":"pre-fix","hypothesisId":"H-F2","location":"src/components/ui/Navbar.tsx:Navbar","message":"Navbar mounted (client) — same-origin debug log","data":{"pathname":"/"},"timestamp":1780988404752}
{"sessionId":"55dc61","runId":"pre-fix","hypothesisId":"H-F2","location":"src/components/ui/Navbar.tsx:Navbar","message":"Navbar mounted (client) — same-origin debug log","data":{"pathname":"/"},"timestamp":1780988405296}
{"sessionId":"55dc61","runId":"pre-fix","hypothesisId":"H-F2","location":"src/components/ui/Navbar.tsx:Navbar","message":"Navbar mounted (client) — same-origin debug log","data":{"pathname":"/"},"timestamp":1780988405920}
{"sessionId":"55dc61","runId":"pre-fix","hypothesisId":"H-F2","location":"src/components/ui/Navbar.tsx:Navbar","message":"Navbar mounted (client) — same-origin debug log","data":{"pathname":"/"},"timestamp":1780988407836}
{"sessionId":"55dc61","runId":"pre-fix","hypothesisId":"H-F2","location":"src/components/ui/Navbar.tsx:Navbar","message":"Navbar mounted (client) — same-origin debug log","data":{"pathname":"/"},"timestamp":1780988408818}
{"sessionId":"55dc61","runId":"pre-fix","hypothesisId":"H-F2","location":"src/components/ui/Navbar.tsx:Navbar","message":"Navbar mounted (client) — same-origin debug log","data":{"pathname":"/"},"timestamp":1780988524676}
{"sessionId":"55dc61","runId":"pre-fix","hypothesisId":"H-F2","location":"src/components/ui/Navbar.tsx:Navbar","message":"Navbar mounted (client) — same-origin debug log","data":{"pathname":"/"},"timestamp":1780989475733}
{"sessionId":"55dc61","runId":"pre-fix","hypothesisId":"H-F2","location":"src/components/ui/Navbar.tsx:Navbar","message":"Navbar mounted (client) — same-origin debug log","data":{"pathname":"/"},"timestamp":1780989571496}
{"sessionId":"55dc61","runId":"pre-fix","hypothesisId":"H-F2","location":"src/components/ui/Navbar.tsx:Navbar","message":"Navbar mounted (client) — same-origin debug log","data":{"pathname":"/"},"timestamp":1780989654407}
{"sessionId":"55dc61","runId":"pre-fix","hypothesisId":"H-F2","location":"src/components/ui/Navbar.tsx:Navbar","message":"Navbar mounted (client) — same-origin debug log","data":{"pathname":"/"},"timestamp":1780989656212}
{"sessionId":"55dc61","runId":"pre-fix","hypothesisId":"H-F2","location":"src/components/ui/Navbar.tsx:Navbar","message":"Navbar mounted (client) — same-origin debug log","data":{"pathname":"/"},"timestamp":1780989707469}
{"sessionId":"55dc61","runId":"pre-fix","hypothesisId":"H-F2","location":"src/components/ui/Navbar.tsx:Navbar","message":"Navbar mounted (client) — same-origin debug log","data":{"pathname":"/"},"timestamp":1780989722734}
{"sessionId":"55dc61","runId":"pre-fix","hypothesisId":"H-F2","location":"src/components/ui/Navbar.tsx:Navbar","message":"Navbar mounted (client) — same-origin debug log","data":{"pathname":"/"},"timestamp":1780989734308}
{"sessionId":"55dc61","runId":"pre-fix","hypothesisId":"H-F2","location":"src/components/ui/Navbar.tsx:Navbar","message":"Navbar mounted (client) — same-origin debug log","data":{"pathname":"/"},"timestamp":1780991622170}
{"sessionId":"55dc61","runId":"pre-fix","hypothesisId":"H-F2","location":"src/components/ui/Navbar.tsx:Navbar","message":"Navbar mounted (client) — same-origin debug log","data":{"pathname":"/about"},"timestamp":1780991893591}
{"sessionId":"55dc61","runId":"pre-fix","hypothesisId":"H-F2","location":"src/components/ui/Navbar.tsx:Navbar","message":"Navbar mounted (client) — same-origin debug log","data":{"pathname":"/"},"timestamp":1781174297763}
{"sessionId":"55dc61","runId":"pre-fix","hypothesisId":"H-F2","location":"src/components/ui/Navbar.tsx:Navbar","message":"Navbar mounted (client) — same-origin debug log","data":{"pathname":"/"},"timestamp":1781174380666}
{"sessionId":"55dc61","runId":"pre-fix","hypothesisId":"H-F2","location":"src/components/ui/Navbar.tsx:Navbar","message":"Navbar mounted (client) — same-origin debug log","data":{"pathname":"/"},"timestamp":1781174538096}
{"sessionId":"55dc61","runId":"pre-fix","hypothesisId":"H-F2","location":"src/components/ui/Navbar.tsx:Navbar","message":"Navbar mounted (client) — same-origin debug log","data":{"pathname":"/"},"timestamp":1781174724065}
{"sessionId":"55dc61","runId":"pre-fix","hypothesisId":"H-F2","location":"src/components/ui/Navbar.tsx:Navbar","message":"Navbar mounted (client) — same-origin debug log","data":{"pathname":"/"},"timestamp":1781178922720}
{"sessionId":"55dc61","runId":"pre-fix","hypothesisId":"H-F2","location":"src/components/ui/Navbar.tsx:Navbar","message":"Navbar mounted (client) — same-origin debug log","data":{"pathname":"/bookings"},"timestamp":1781179184384}
{"sessionId":"55dc61","runId":"pre-fix","hypothesisId":"H-F2","location":"src/components/ui/Navbar.tsx:Navbar","message":"Navbar mounted (client) — same-origin debug log","data":{"pathname":"/"},"timestamp":1781238686736}
{"sessionId":"55dc61","runId":"pre-fix","hypothesisId":"H-F2","location":"src/components/ui/Navbar.tsx:Navbar","message":"Navbar mounted (client) — same-origin debug log","data":{"pathname":"/services"},"timestamp":1781240544039}
{"sessionId":"55dc61","runId":"pre-fix","hypothesisId":"H-F2","location":"src/components/ui/Navbar.tsx:Navbar","message":"Navbar mounted (client) — same-origin debug log","data":{"pathname":"/promotions"},"timestamp":1781241630906}
{"sessionId":"55dc61","runId":"pre-fix","hypothesisId":"H-F2","location":"src/components/ui/Navbar.tsx:Navbar","message":"Navbar mounted (client) — same-origin debug log","data":{"pathname":"/"},"timestamp":1781243212750}
{"sessionId":"55dc61","runId":"pre-fix","hypothesisId":"H-F2","location":"src/components/ui/Navbar.tsx:Navbar","message":"Navbar mounted (client) — same-origin debug log","data":{"pathname":"/"},"timestamp":1781243223583}
{"sessionId":"55dc61","runId":"pre-fix","hypothesisId":"H-F2","location":"src/components/ui/Navbar.tsx:Navbar","message":"Navbar mounted (client) — same-origin debug log","data":{"pathname":"/"},"timestamp":1781243262320}
{"sessionId":"55dc61","runId":"pre-fix","hypothesisId":"H-F2","location":"src/components/ui/Navbar.tsx:Navbar","message":"Navbar mounted (client) — same-origin debug log","data":{"pathname":"/"},"timestamp":1781243386494}
{"sessionId":"55dc61","runId":"pre-fix","hypothesisId":"H-F2","location":"src/components/ui/Navbar.tsx:Navbar","message":"Navbar mounted (client) — same-origin debug log","data":{"pathname":"/"},"timestamp":1781243502972}
{"sessionId":"55dc61","runId":"pre-fix","hypothesisId":"H-F2","location":"src/components/ui/Navbar.tsx:Navbar","message":"Navbar mounted (client) — same-origin debug log","data":{"pathname":"/"},"timestamp":1781243530966}
{"sessionId":"55dc61","runId":"pre-fix","hypothesisId":"H-F2","location":"src/components/ui/Navbar.tsx:Navbar","message":"Navbar mounted (client) — same-origin debug log","data":{"pathname":"/"},"timestamp":1781244531345}
{"sessionId":"55dc61","runId":"pre-fix","hypothesisId":"H-F2","location":"src/components/ui/Navbar.tsx:Navbar","message":"Navbar mounted (client) — same-origin debug log","data":{"pathname":"/"},"timestamp":1781244548453}
{"sessionId":"55dc61","runId":"pre-fix","hypothesisId":"H-F2","location":"src/components/ui/Navbar.tsx:Navbar","message":"Navbar mounted (client) — same-origin debug log","data":{"pathname":"/"},"timestamp":1781244550492}
{"sessionId":"55dc61","runId":"pre-fix","hypothesisId":"H-F2","location":"src/components/ui/Navbar.tsx:Navbar","message":"Navbar mounted (client) — same-origin debug log","data":{"pathname":"/"},"timestamp":1781244550871}
{"sessionId":"55dc61","runId":"pre-fix","hypothesisId":"H-F2","location":"src/components/ui/Navbar.tsx:Navbar","message":"Navbar mounted (client) — same-origin debug log","data":{"pathname":"/"},"timestamp":1781244673031}
{"sessionId":"55dc61","runId":"pre-fix","hypothesisId":"H-F2","location":"src/components/ui/Navbar.tsx:Navbar","message":"Navbar mounted (client) — same-origin debug log","data":{"pathname":"/"},"timestamp":1781244825601}
{"sessionId":"55dc61","runId":"pre-fix","hypothesisId":"H-F2","location":"src/components/ui/Navbar.tsx:Navbar","message":"Navbar mounted (client) — same-origin debug log","data":{"pathname":"/"},"timestamp":1781244857833}
{"sessionId":"55dc61","runId":"pre-fix","hypothesisId":"H-F2","location":"src/components/ui/Navbar.tsx:Navbar","message":"Navbar mounted (client) — same-origin debug log","data":{"pathname":"/"},"timestamp":1781244858535}
{"sessionId":"55dc61","runId":"pre-fix","hypothesisId":"H-F2","location":"src/components/ui/Navbar.tsx:Navbar","message":"Navbar mounted (client) — same-origin debug log","data":{"pathname":"/"},"timestamp":1781244859980}
{"sessionId":"55dc61","runId":"pre-fix","hypothesisId":"H-F2","location":"src/components/ui/Navbar.tsx:Navbar","message":"Navbar mounted (client) — same-origin debug log","data":{"pathname":"/"},"timestamp":1781245167252}
{"sessionId":"55dc61","runId":"pre-fix","hypothesisId":"H-F2","location":"src/components/ui/Navbar.tsx:Navbar","message":"Navbar mounted (client) — same-origin debug log","data":{"pathname":"/"},"timestamp":1781245901812}
{"sessionId":"55dc61","runId":"pre-fix","hypothesisId":"H-F2","location":"src/components/ui/Navbar.tsx:Navbar","message":"Navbar mounted (client) — same-origin debug log","data":{"pathname":"/"},"timestamp":1781246143711}
{"sessionId":"55dc61","runId":"pre-fix","hypothesisId":"H-F2","location":"src/components/ui/Navbar.tsx:Navbar","message":"Navbar mounted (client) — same-origin debug log","data":{"pathname":"/"},"timestamp":1781246996277}
{"sessionId":"55dc61","runId":"pre-fix","hypothesisId":"H-F2","location":"src/components/ui/Navbar.tsx:Navbar","message":"Navbar mounted (client) — same-origin debug log","data":{"pathname":"/"},"timestamp":1781247071012}
{"sessionId":"55dc61","runId":"pre-fix","hypothesisId":"H-F2","location":"src/components/ui/Navbar.tsx:Navbar","message":"Navbar mounted (client) — same-origin debug log","data":{"pathname":"/"},"timestamp":1781247107702}
{"sessionId":"55dc61","runId":"pre-fix","hypothesisId":"H-F2","location":"src/components/ui/Navbar.tsx:Navbar","message":"Navbar mounted (client) — same-origin debug log","data":{"pathname":"/services"},"timestamp":1781247217143}
{"sessionId":"55dc61","runId":"pre-fix","hypothesisId":"H-F2","location":"src/components/ui/Navbar.tsx:Navbar","message":"Navbar mounted (client) — same-origin debug log","data":{"pathname":"/services/1"},"timestamp":1781247219586}
{"sessionId":"55dc61","runId":"pre-fix","hypothesisId":"H-F2","location":"src/components/ui/Navbar.tsx:Navbar","message":"Navbar mounted (client) — same-origin debug log","data":{"pathname":"/"},"timestamp":1781247224118}
{"sessionId":"55dc61","runId":"pre-fix","hypothesisId":"H-F2","location":"src/components/ui/Navbar.tsx:Navbar","message":"Navbar mounted (client) — same-origin debug log","data":{"pathname":"/services"},"timestamp":1781247692098}
{"sessionId":"55dc61","runId":"pre-fix","hypothesisId":"H-F2","location":"src/components/ui/Navbar.tsx:Navbar","message":"Navbar mounted (client) — same-origin debug log","data":{"pathname":"/"},"timestamp":1781247697015}
{"sessionId":"55dc61","runId":"pre-fix","hypothesisId":"H-F2","location":"src/components/ui/Navbar.tsx:Navbar","message":"Navbar mounted (client) — same-origin debug log","data":{"pathname":"/services/2"},"timestamp":1781247853003}
{"sessionId":"55dc61","runId":"pre-fix","hypothesisId":"H-F2","location":"src/components/ui/Navbar.tsx:Navbar","message":"Navbar mounted (client) — same-origin debug log","data":{"pathname":"/services/2"},"timestamp":1781247856741}
{"sessionId":"55dc61","runId":"pre-fix","hypothesisId":"H-F2","location":"src/components/ui/Navbar.tsx:Navbar","message":"Navbar mounted (client) — same-origin debug log","data":{"pathname":"/services/2"},"timestamp":1781247875478}
{"sessionId":"55dc61","runId":"pre-fix","hypothesisId":"H-F2","location":"src/components/ui/Navbar.tsx:Navbar","message":"Navbar mounted (client) — same-origin debug log","data":{"pathname":"/"},"timestamp":1781247886755}
{"sessionId":"55dc61","runId":"pre-fix","hypothesisId":"H-F2","location":"src/components/ui/Navbar.tsx:Navbar","message":"Navbar mounted (client) — same-origin debug log","data":{"pathname":"/services/3"},"timestamp":1781248028159}
{"sessionId":"55dc61","runId":"pre-fix","hypothesisId":"H-F2","location":"src/components/ui/Navbar.tsx:Navbar","message":"Navbar mounted (client) — same-origin debug log","data":{"pathname":"/services/3"},"timestamp":1781248052221}
{"sessionId":"55dc61","runId":"pre-fix","hypothesisId":"H-F2","location":"src/components/ui/Navbar.tsx:Navbar","message":"Navbar mounted (client) — same-origin debug log","data":{"pathname":"/services"},"timestamp":1781248055918}
{"sessionId":"55dc61","runId":"pre-fix","hypothesisId":"H-F2","location":"src/components/ui/Navbar.tsx:Navbar","message":"Navbar mounted (client) — same-origin debug log","data":{"pathname":"/services/4"},"timestamp":1781248221999}
{"sessionId":"55dc61","runId":"pre-fix","hypothesisId":"H-F2","location":"src/components/ui/Navbar.tsx:Navbar","message":"Navbar mounted (client) — same-origin debug log","data":{"pathname":"/"},"timestamp":1781248226560}
{"sessionId":"55dc61","runId":"pre-fix","hypothesisId":"H-F2","location":"src/components/ui/Navbar.tsx:Navbar","message":"Navbar mounted (client) — same-origin debug log","data":{"pathname":"/services/5"},"timestamp":1781248400149}
{"sessionId":"55dc61","runId":"pre-fix","hypothesisId":"H-F2","location":"src/components/ui/Navbar.tsx:Navbar","message":"Navbar mounted (client) — same-origin debug log","data":{"pathname":"/services/5"},"timestamp":1781248417858}
{"sessionId":"55dc61","runId":"pre-fix","hypothesisId":"H-F2","location":"src/components/ui/Navbar.tsx:Navbar","message":"Navbar mounted (client) — same-origin debug log","data":{"pathname":"/"},"timestamp":1781248422207}
{"sessionId":"55dc61","runId":"pre-fix","hypothesisId":"H-F2","location":"src/components/ui/Navbar.tsx:Navbar","message":"Navbar mounted (client) — same-origin debug log","data":{"pathname":"/services/6"},"timestamp":1781248557765}
{"sessionId":"55dc61","runId":"pre-fix","hypothesisId":"H-F2","location":"src/components/ui/Navbar.tsx:Navbar","message":"Navbar mounted (client) — same-origin debug log","data":{"pathname":"/services/6"},"timestamp":1781248571896}
{"sessionId":"55dc61","runId":"pre-fix","hypothesisId":"H-F2","location":"src/components/ui/Navbar.tsx:Navbar","message":"Navbar mounted (client) — same-origin debug log","data":{"pathname":"/"},"timestamp":1781248583992}
{"sessionId":"55dc61","runId":"pre-fix","hypothesisId":"H-F2","location":"src/components/ui/Navbar.tsx:Navbar","message":"Navbar mounted (client) — same-origin debug log","data":{"pathname":"/"},"timestamp":1781249159331}
{"sessionId":"55dc61","runId":"pre-fix","hypothesisId":"H-F2","location":"src/components/ui/Navbar.tsx:Navbar","message":"Navbar mounted (client) — same-origin debug log","data":{"pathname":"/"},"timestamp":1781249435725}
{"sessionId":"55dc61","runId":"pre-fix","hypothesisId":"H-F2","location":"src/components/ui/Navbar.tsx:Navbar","message":"Navbar mounted (client) — same-origin debug log","data":{"pathname":"/"},"timestamp":1781249470033}
{"sessionId":"55dc61","runId":"pre-fix","hypothesisId":"H-F2","location":"src/components/ui/Navbar.tsx:Navbar","message":"Navbar mounted (client) — same-origin debug log","data":{"pathname":"/"},"timestamp":1781250398625}
{"sessionId":"55dc61","runId":"pre-fix","hypothesisId":"H-F2","location":"src/components/ui/Navbar.tsx:Navbar","message":"Navbar mounted (client) — same-origin debug log","data":{"pathname":"/"},"timestamp":1781250491774}
{"sessionId":"55dc61","runId":"pre-fix","hypothesisId":"H-F2","location":"src/components/ui/Navbar.tsx:Navbar","message":"Navbar mounted (client) — same-origin debug log","data":{"pathname":"/"},"timestamp":1781250537265}
{"sessionId":"55dc61","runId":"pre-fix","hypothesisId":"H-F2","location":"src/components/ui/Navbar.tsx:Navbar","message":"Navbar mounted (client) — same-origin debug log","data":{"pathname":"/"},"timestamp":1781250565257}
{"sessionId":"55dc61","runId":"pre-fix","hypothesisId":"H-F2","location":"src/components/ui/Navbar.tsx:Navbar","message":"Navbar mounted (client) — same-origin debug log","data":{"pathname":"/"},"timestamp":1781250822113}
{"sessionId":"55dc61","runId":"pre-fix","hypothesisId":"H-F2","location":"src/components/ui/Navbar.tsx:Navbar","message":"Navbar mounted (client) — same-origin debug log","data":{"pathname":"/"},"timestamp":1781250904484}
{"sessionId":"55dc61","runId":"pre-fix","hypothesisId":"H-F2","location":"src/components/ui/Navbar.tsx:Navbar","message":"Navbar mounted (client) — same-origin debug log","data":{"pathname":"/"},"timestamp":1781250950393}
{"sessionId":"55dc61","runId":"pre-fix","hypothesisId":"H-F2","location":"src/components/ui/Navbar.tsx:Navbar","message":"Navbar mounted (client) — same-origin debug log","data":{"pathname":"/"},"timestamp":1781251001680}
{"sessionId":"55dc61","runId":"pre-fix","hypothesisId":"H-F2","location":"src/components/ui/Navbar.tsx:Navbar","message":"Navbar mounted (client) — same-origin debug log","data":{"pathname":"/"},"timestamp":1781251032603}
{"sessionId":"55dc61","runId":"pre-fix","hypothesisId":"H-F2","location":"src/components/ui/Navbar.tsx:Navbar","message":"Navbar mounted (client) — same-origin debug log","data":{"pathname":"/"},"timestamp":1781251047562}
{"sessionId":"55dc61","runId":"pre-fix","hypothesisId":"H-F2","location":"src/components/ui/Navbar.tsx:Navbar","message":"Navbar mounted (client) — same-origin debug log","data":{"pathname":"/"},"timestamp":1781251068257}
{"sessionId":"55dc61","runId":"pre-fix","hypothesisId":"H-F2","location":"src/components/ui/Navbar.tsx:Navbar","message":"Navbar mounted (client) — same-origin debug log","data":{"pathname":"/"},"timestamp":1781251087171}
{"sessionId":"55dc61","runId":"pre-fix","hypothesisId":"H-F2","location":"src/components/ui/Navbar.tsx:Navbar","message":"Navbar mounted (client) — same-origin debug log","data":{"pathname":"/"},"timestamp":1781251163102}
{"sessionId":"55dc61","runId":"pre-fix","hypothesisId":"H-F2","location":"src/components/ui/Navbar.tsx:Navbar","message":"Navbar mounted (client) — same-origin debug log","data":{"pathname":"/"},"timestamp":1781251169464}
{"sessionId":"55dc61","runId":"pre-fix","hypothesisId":"H-F2","location":"src/components/ui/Navbar.tsx:Navbar","message":"Navbar mounted (client) — same-origin debug log","data":{"pathname":"/"},"timestamp":1781251200425}
{"sessionId":"55dc61","runId":"pre-fix","hypothesisId":"H-F2","location":"src/components/ui/Navbar.tsx:Navbar","message":"Navbar mounted (client) — same-origin debug log","data":{"pathname":"/services"},"timestamp":1781251619820}
{"sessionId":"55dc61","runId":"pre-fix","hypothesisId":"H-F2","location":"src/components/ui/Navbar.tsx:Navbar","message":"Navbar mounted (client) — same-origin debug log","data":{"pathname":"/"},"timestamp":1781251736059}
{"sessionId":"55dc61","runId":"pre-fix","hypothesisId":"H-F2","location":"src/components/ui/Navbar.tsx:Navbar","message":"Navbar mounted (client) — same-origin debug log","data":{"pathname":"/event-types"},"timestamp":1781251787991}
{"sessionId":"55dc61","runId":"pre-fix","hypothesisId":"H-F2","location":"src/components/ui/Navbar.tsx:Navbar","message":"Navbar mounted (client) — same-origin debug log","data":{"pathname":"/event-types"},"timestamp":1781251800430}
{"sessionId":"55dc61","runId":"pre-fix","hypothesisId":"H-F2","location":"src/components/ui/Navbar.tsx:Navbar","message":"Navbar mounted (client) — same-origin debug log","data":{"pathname":"/event-types"},"timestamp":1781251941823}
{"sessionId":"55dc61","runId":"pre-fix","hypothesisId":"H-F2","location":"src/components/ui/Navbar.tsx:Navbar","message":"Navbar mounted (client) — same-origin debug log","data":{"pathname":"/event-types"},"timestamp":1781251948444}
{"sessionId":"55dc61","runId":"pre-fix","hypothesisId":"H-F2","location":"src/components/ui/Navbar.tsx:Navbar","message":"Navbar mounted (client) — same-origin debug log","data":{"pathname":"/event-types"},"timestamp":1781251991636}
{"sessionId":"55dc61","runId":"pre-fix","hypothesisId":"H-F2","location":"src/components/ui/Navbar.tsx:Navbar","message":"Navbar mounted (client) — same-origin debug log","data":{"pathname":"/services"},"timestamp":1781255034879}
{"sessionId":"55dc61","runId":"pre-fix","hypothesisId":"H-F2","location":"src/components/ui/Navbar.tsx:Navbar","message":"Navbar mounted (client) — same-origin debug log","data":{"pathname":"/event-types"},"timestamp":1781255314111}
{"sessionId":"55dc61","runId":"pre-fix","hypothesisId":"H-F2","location":"src/components/ui/Navbar.tsx:Navbar","message":"Navbar mounted (client) — same-origin debug log","data":{"pathname":"/"},"timestamp":1781255362422}
{"sessionId":"55dc61","runId":"pre-fix","hypothesisId":"H-F2","location":"src/components/ui/Navbar.tsx:Navbar","message":"Navbar mounted (client) — same-origin debug log","data":{"pathname":"/event-types"},"timestamp":1781255514953}
{"sessionId":"55dc61","runId":"pre-fix","hypothesisId":"H-F2","location":"src/components/ui/Navbar.tsx:Navbar","message":"Navbar mounted (client) — same-origin debug log","data":{"pathname":"/event-types"},"timestamp":1781255656486}
{"sessionId":"55dc61","runId":"pre-fix","hypothesisId":"H-F2","location":"src/components/ui/Navbar.tsx:Navbar","message":"Navbar mounted (client) — same-origin debug log","data":{"pathname":"/event-types"},"timestamp":1781255701431}
{"sessionId":"55dc61","runId":"pre-fix","hypothesisId":"H-F2","location":"src/components/ui/Navbar.tsx:Navbar","message":"Navbar mounted (client) — same-origin debug log","data":{"pathname":"/event-types"},"timestamp":1781255758926}
{"sessionId":"55dc61","runId":"pre-fix","hypothesisId":"H-F2","location":"src/components/ui/Navbar.tsx:Navbar","message":"Navbar mounted (client) — same-origin debug log","data":{"pathname":"/event-types"},"timestamp":1781255799220}
{"sessionId":"55dc61","runId":"pre-fix","hypothesisId":"H-F2","location":"src/components/ui/Navbar.tsx:Navbar","message":"Navbar mounted (client) — same-origin debug log","data":{"pathname":"/event-types"},"timestamp":1781255866740}
{"sessionId":"55dc61","runId":"pre-fix","hypothesisId":"H-F2","location":"src/components/ui/Navbar.tsx:Navbar","message":"Navbar mounted (client) — same-origin debug log","data":{"pathname":"/event-types"},"timestamp":1781255976987}
{"sessionId":"55dc61","runId":"pre-fix","hypothesisId":"H-F2","location":"src/components/ui/Navbar.tsx:Navbar","message":"Navbar mounted (client) — same-origin debug log","data":{"pathname":"/event-types"},"timestamp":1781256057234}
{"sessionId":"55dc61","runId":"pre-fix","hypothesisId":"H-F2","location":"src/components/ui/Navbar.tsx:Navbar","message":"Navbar mounted (client) — same-origin debug log","data":{"pathname":"/event-types"},"timestamp":1781256204829}
{"sessionId":"55dc61","runId":"pre-fix","hypothesisId":"H-F2","location":"src/components/ui/Navbar.tsx:Navbar","message":"Navbar mounted (client) — same-origin debug log","data":{"pathname":"/about"},"timestamp":1781256288661}
{"sessionId":"55dc61","runId":"pre-fix","hypothesisId":"H-F2","location":"src/components/ui/Navbar.tsx:Navbar","message":"Navbar mounted (client) — same-origin debug log","data":{"pathname":"/about"},"timestamp":1781256319870}
{"sessionId":"55dc61","runId":"pre-fix","hypothesisId":"H-F2","location":"src/components/ui/Navbar.tsx:Navbar","message":"Navbar mounted (client) — same-origin debug log","data":{"pathname":"/about"},"timestamp":1781256349646}
{"sessionId":"55dc61","runId":"pre-fix","hypothesisId":"H-F2","location":"src/components/ui/Navbar.tsx:Navbar","message":"Navbar mounted (client) — same-origin debug log","data":{"pathname":"/about"},"timestamp":1781256374468}
{"sessionId":"55dc61","runId":"pre-fix","hypothesisId":"H-F2","location":"src/components/ui/Navbar.tsx:Navbar","message":"Navbar mounted (client) — same-origin debug log","data":{"pathname":"/about"},"timestamp":1781256516303}
{"sessionId":"55dc61","runId":"pre-fix","hypothesisId":"H-F2","location":"src/components/ui/Navbar.tsx:Navbar","message":"Navbar mounted (client) — same-origin debug log","data":{"pathname":"/about"},"timestamp":1781256530921}
{"sessionId":"55dc61","runId":"pre-fix","hypothesisId":"H-F2","location":"src/components/ui/Navbar.tsx:Navbar","message":"Navbar mounted (client) — same-origin debug log","data":{"pathname":"/about"},"timestamp":1781256561676}
{"sessionId":"55dc61","runId":"pre-fix","hypothesisId":"H-F2","location":"src/components/ui/Navbar.tsx:Navbar","message":"Navbar mounted (client) — same-origin debug log","data":{"pathname":"/promotions"},"timestamp":1781256606351}
{"sessionId":"55dc61","runId":"pre-fix","hypothesisId":"H-F2","location":"src/components/ui/Navbar.tsx:Navbar","message":"Navbar mounted (client) — same-origin debug log","data":{"pathname":"/promotions"},"timestamp":1781256814962}
{"sessionId":"55dc61","runId":"pre-fix","hypothesisId":"H-F2","location":"src/components/ui/Navbar.tsx:Navbar","message":"Navbar mounted (client) — same-origin debug log","data":{"pathname":"/promotions"},"timestamp":1781256868867}
{"sessionId":"55dc61","runId":"pre-fix","hypothesisId":"H-F2","location":"src/components/ui/Navbar.tsx:Navbar","message":"Navbar mounted (client) — same-origin debug log","data":{"pathname":"/bolg"},"timestamp":1781257174468}
{"sessionId":"55dc61","runId":"pre-fix","hypothesisId":"H-F2","location":"src/components/ui/Navbar.tsx:Navbar","message":"Navbar mounted (client) — same-origin debug log","data":{"pathname":"/admin/blog"},"timestamp":1781257184850}
{"sessionId":"55dc61","runId":"pre-fix","hypothesisId":"H-F2","location":"src/components/ui/Navbar.tsx:Navbar","message":"Navbar mounted (client) — same-origin debug log","data":{"pathname":"/blog"},"timestamp":1781257195638}
{"sessionId":"55dc61","runId":"pre-fix","hypothesisId":"H-F2","location":"src/components/ui/Navbar.tsx:Navbar","message":"Navbar mounted (client) — same-origin debug log","data":{"pathname":"/blog"},"timestamp":1781257646921}
{"sessionId":"55dc61","runId":"pre-fix","hypothesisId":"H-F2","location":"src/components/ui/Navbar.tsx:Navbar","message":"Navbar mounted (client) — same-origin debug log","data":{"pathname":"/blog"},"timestamp":1781258295751}
{"sessionId":"55dc61","runId":"pre-fix","hypothesisId":"H-F2","location":"src/components/ui/Navbar.tsx:Navbar","message":"Navbar mounted (client) — same-origin debug log","data":{"pathname":"/blog"},"timestamp":1781258384831}
{"sessionId":"55dc61","runId":"pre-fix","hypothesisId":"H-F2","location":"src/components/ui/Navbar.tsx:Navbar","message":"Navbar mounted (client) — same-origin debug log","data":{"pathname":"/blog"},"timestamp":1781258502775}
{"sessionId":"55dc61","runId":"pre-fix","hypothesisId":"H-F2","location":"src/components/ui/Navbar.tsx:Navbar","message":"Navbar mounted (client) — same-origin debug log","data":{"pathname":"/blog"},"timestamp":1781258661637}
{"sessionId":"55dc61","runId":"pre-fix","hypothesisId":"H-F2","location":"src/components/ui/Navbar.tsx:Navbar","message":"Navbar mounted (client) — same-origin debug log","data":{"pathname":"/blog/top-10-wedding-venue-trends-2025"},"timestamp":1781259311668}
{"sessionId":"55dc61","runId":"pre-fix","hypothesisId":"H-F2","location":"src/components/ui/Navbar.tsx:Navbar","message":"Navbar mounted (client) — same-origin debug log","data":{"pathname":"/blog/top-10-wedding-venue-trends-2025"},"timestamp":1781259313067}
{"sessionId":"55dc61","runId":"pre-fix","hypothesisId":"H-F2","location":"src/components/ui/Navbar.tsx:Navbar","message":"Navbar mounted (client) — same-origin debug log","data":{"pathname":"/blog/top-10-wedding-venue-trends-2025"},"timestamp":1781259347413}
{"sessionId":"55dc61","runId":"pre-fix","hypothesisId":"H-F2","location":"src/components/ui/Navbar.tsx:Navbar","message":"Navbar mounted (client) — same-origin debug log","data":{"pathname":"/blog/top-10-wedding-venue-trends-2025"},"timestamp":1781259437890}
{"sessionId":"55dc61","runId":"pre-fix","hypothesisId":"H-F2","location":"src/components/ui/Navbar.tsx:Navbar","message":"Navbar mounted (client) — same-origin debug log","data":{"pathname":"/blog/top-10-wedding-venue-trends-2025"},"timestamp":1781259509336}
{"sessionId":"55dc61","runId":"pre-fix","hypothesisId":"H-F2","location":"src/components/ui/Navbar.tsx:Navbar","message":"Navbar mounted (client) — same-origin debug log","data":{"pathname":"/blog/top-10-wedding-venue-trends-2025"},"timestamp":1781259509373}
{"sessionId":"55dc61","runId":"pre-fix","hypothesisId":"H-F2","location":"src/components/ui/Navbar.tsx:Navbar","message":"Navbar mounted (client) — same-origin debug log","data":{"pathname":"/blog/top-10-wedding-venue-trends-2025"},"timestamp":1781259510178}
{"sessionId":"55dc61","runId":"pre-fix","hypothesisId":"H-F2","location":"src/components/ui/Navbar.tsx:Navbar","message":"Navbar mounted (client) — same-origin debug log","data":{"pathname":"/blog/top-10-wedding-venue-trends-2025"},"timestamp":1781259510288}
{"sessionId":"55dc61","runId":"pre-fix","hypothesisId":"H-F2","location":"src/components/ui/Navbar.tsx:Navbar","message":"Navbar mounted (client) — same-origin debug log","data":{"pathname":"/blog/top-10-wedding-venue-trends-2025"},"timestamp":1781259516512}
{"sessionId":"55dc61","runId":"pre-fix","hypothesisId":"H-F2","location":"src/components/ui/Navbar.tsx:Navbar","message":"Navbar mounted (client) — same-origin debug log","data":{"pathname":"/blog/top-10-wedding-venue-trends-2025"},"timestamp":1781259524047}
{"sessionId":"55dc61","runId":"pre-fix","hypothesisId":"H-F2","location":"src/components/ui/Navbar.tsx:Navbar","message":"Navbar mounted (client) — same-origin debug log","data":{"pathname":"/blog/top-10-wedding-venue-trends-2025"},"timestamp":1781259526758}
{"sessionId":"55dc61","runId":"pre-fix","hypothesisId":"H-F2","location":"src/components/ui/Navbar.tsx:Navbar","message":"Navbar mounted (client) — same-origin debug log","data":{"pathname":"/blog/top-10-wedding-venue-trends-2025"},"timestamp":1781260528268}
{"sessionId":"55dc61","runId":"pre-fix","hypothesisId":"H-F2","location":"src/components/ui/Navbar.tsx:Navbar","message":"Navbar mounted (client) — same-origin debug log","data":{"pathname":"/blog/top-10-wedding-venue-trends-2025"},"timestamp":1781260909731}
{"sessionId":"55dc61","runId":"pre-fix","hypothesisId":"H-F2","location":"src/components/ui/Navbar.tsx:Navbar","message":"Navbar mounted (client) — same-origin debug log","data":{"pathname":"/blog/top-10-wedding-venue-trends-2025"},"timestamp":1781260959931}
{"sessionId":"55dc61","runId":"pre-fix","hypothesisId":"H-F2","location":"src/components/ui/Navbar.tsx:Navbar","message":"Navbar mounted (client) — same-origin debug log","data":{"pathname":"/blog/top-10-wedding-venue-trends-2025"},"timestamp":1781260975000}
{"sessionId":"55dc61","runId":"pre-fix","hypothesisId":"H-F2","location":"src/components/ui/Navbar.tsx:Navbar","message":"Navbar mounted (client) — same-origin debug log","data":{"pathname":"/"},"timestamp":1781261112575}
{"sessionId":"55dc61","runId":"pre-fix","hypothesisId":"H-F2","location":"src/components/ui/Navbar.tsx:Navbar","message":"Navbar mounted (client) — same-origin debug log","data":{"pathname":"/"},"timestamp":1781261909989}
{"sessionId":"55dc61","runId":"pre-fix","hypothesisId":"H-F2","location":"src/components/ui/Navbar.tsx:Navbar","message":"Navbar mounted (client) — same-origin debug log","data":{"pathname":"/"},"timestamp":1781261912524}
{"sessionId":"55dc61","runId":"pre-fix","hypothesisId":"H-F2","location":"src/components/ui/Navbar.tsx:Navbar","message":"Navbar mounted (client) — same-origin debug log","data":{"pathname":"/"},"timestamp":1781262486088}
{"sessionId":"55dc61","runId":"pre-fix","hypothesisId":"H-F2","location":"src/components/ui/Navbar.tsx:Navbar","message":"Navbar mounted (client) — same-origin debug log","data":{"pathname":"/"},"timestamp":1781262486691}
{"sessionId":"55dc61","runId":"pre-fix","hypothesisId":"H-F2","location":"src/components/ui/Navbar.tsx:Navbar","message":"Navbar mounted (client) — same-origin debug log","data":{"pathname":"/services"},"timestamp":1781263750359}
